--------------------------------------------------------------------------------
Release 14.7 Trace  (nt64)
Copyright (c) 1995-2013 Xilinx, Inc.  All rights reserved.

C:\Xilinx\14.7\ISE_DS\ISE\bin\nt64\unwrapped\trce.exe -intstyle ise -v 3 -s 4
-n 3 -fastpaths -xml main_comparator.twx main_comparator.ncd -o
main_comparator.twr main_comparator.pcf

Design file:              main_comparator.ncd
Physical constraint file: main_comparator.pcf
Device,package,speed:     xc3sd3400a,fg676,-4 (PRODUCTION 1.34 2013-10-13)
Report level:             verbose report

Environment Variable      Effect 
--------------------      ------ 
NONE                      No environment variables were set
--------------------------------------------------------------------------------

INFO:Timing:2698 - No timing constraints found, doing default enumeration.
INFO:Timing:3412 - To improve timing, see the Timing Closure User Guide (UG612).
INFO:Timing:2752 - To get complete path coverage, use the unconstrained paths 
   option. All paths that are not constrained will be reported in the 
   unconstrained paths section(s) of the report.
INFO:Timing:3339 - The clock-to-out numbers in this timing report are based on 
   a 50 Ohm transmission line loading model.  For the details of this model, 
   and for more information on accounting for different loading conditions, 
   please see the device datasheet.
INFO:Timing:3390 - This architecture does not support a default System Jitter 
   value, please add SYSTEM_JITTER constraint to the UCF to modify the Clock 
   Uncertainty calculation.
INFO:Timing:3389 - This architecture does not support 'Discrete Jitter' and 
   'Phase Error' calculations, these terms will be zero in the Clock 
   Uncertainty calculation.  Please make appropriate modification to 
   SYSTEM_JITTER to account for the unsupported Discrete Jitter and Phase 
   Error.



Data Sheet report:
-----------------
All values displayed in nanoseconds (ns)

Pad to Pad
---------------+---------------+---------+
Source Pad     |Destination Pad|  Delay  |
---------------+---------------+---------+
A<0>           |equal          |    7.835|
A<0>           |greater        |    7.828|
A<0>           |smaller        |    7.845|
A<1>           |equal          |    7.805|
A<1>           |greater        |    7.905|
A<1>           |smaller        |    7.922|
A<2>           |equal          |    6.887|
A<2>           |greater        |    7.397|
A<2>           |smaller        |    7.397|
B<0>           |equal          |    7.969|
B<0>           |greater        |    8.142|
B<0>           |smaller        |    8.159|
B<1>           |equal          |    7.538|
B<1>           |greater        |    7.512|
B<1>           |smaller        |    7.529|
B<2>           |equal          |    8.360|
B<2>           |greater        |    8.242|
B<2>           |smaller        |    7.742|
---------------+---------------+---------+


Analysis completed Tue Aug 09 06:13:40 2022 
--------------------------------------------------------------------------------

Trace Settings:
-------------------------
Trace Settings 

Peak Memory Usage: 4607 MB



